<?xml version="1.0" encoding="UTF-8" standalone="no"?><classpath>
	<classpathentry kind="src" path="src"/>
	<classpathentry kind="con" path="org.eclipse.jdt.launching.JRE_CONTAINER"/>
	<classpathentry exported="true" kind="con" path="GROOVY_SUPPORT"/>
	<classpathentry exported="true" kind="con" path="GROOVY_DSL_SUPPORT"/>
	<classpathentry kind="output" path="bin"/>
<classpathentry kind="lib" path="/example/folder/bla.jar"/></classpath>